[ +117 ms] Artifact Instance of 'MaterialFonts' is not required, skipping update.
[        ] Artifact Instance of 'GradleWrapper' is not required, skipping update.
[        ] Artifact Instance of 'AndroidGenSnapshotArtifacts' is not required, skipping update.
[        ] Artifact Instance of 'AndroidInternalBuildArtifacts' is not required, skipping update.
[        ] Artifact Instance of 'IOSEngineArtifacts' is not required, skipping update.
[        ] Artifact Instance of 'FlutterWebSdk' is not required, skipping update.
[        ] Artifact Instance of 'LegacyCanvasKitRemover' is not required, skipping update.
[        ] Artifact Instance of 'FlutterSdk' is not required, skipping update.
[        ] Artifact Instance of 'WindowsEngineArtifacts' is not required, skipping update.
[        ] Artifact Instance of 'MacOSEngineArtifacts' is not required, skipping update.
[        ] Artifact Instance of 'LinuxEngineArtifacts' is not required, skipping update.
[        ] Artifact Instance of 'LinuxFuchsiaSDKArtifacts' is not required, skipping update.
[        ] Artifact Instance of 'MacOSFuchsiaSDKArtifacts' is not required, skipping update.
[        ] Artifact Instance of 'FlutterRunnerSDKArtifacts' is not required, skipping update.
[        ] Artifact Instance of 'FlutterRunnerDebugSymbols' is not required, skipping update.
[        ] Artifact Instance of 'IosUsbArtifacts' is not required, skipping update.
[        ] Artifact Instance of 'IosUsbArtifacts' is not required, skipping update.
[        ] Artifact Instance of 'IosUsbArtifacts' is not required, skipping update.
[        ] Artifact Instance of 'IosUsbArtifacts' is not required, skipping update.
[        ] Artifact Instance of 'IosUsbArtifacts' is not required, skipping update.
[        ] Artifact Instance of 'IosUsbArtifacts' is not required, skipping update.
[        ] Artifact Instance of 'FontSubsetArtifacts' is not required, skipping update.
[        ] Artifact Instance of 'PubDependencies' is not required, skipping update.
[  +83 ms] Artifact Instance of 'AndroidGenSnapshotArtifacts' is not required, skipping update.
[        ] Artifact Instance of 'AndroidInternalBuildArtifacts' is not required, skipping update.
[        ] Artifact Instance of 'IOSEngineArtifacts' is not required, skipping update.
[        ] Artifact Instance of 'FlutterWebSdk' is not required, skipping update.
[        ] Artifact Instance of 'FlutterEngineStamp' is not required, skipping update.
[        ] Artifact Instance of 'LegacyCanvasKitRemover' is not required, skipping update.
[   +1 ms] Artifact Instance of 'WindowsEngineArtifacts' is not required, skipping update.
[        ] Artifact Instance of 'MacOSEngineArtifacts' is not required, skipping update.
[        ] Artifact Instance of 'LinuxEngineArtifacts' is not required, skipping update.
[        ] Artifact Instance of 'LinuxFuchsiaSDKArtifacts' is not required, skipping update.
[        ] Artifact Instance of 'MacOSFuchsiaSDKArtifacts' is not required, skipping update.
[        ] Artifact Instance of 'FlutterRunnerSDKArtifacts' is not required, skipping update.
[        ] Artifact Instance of 'FlutterRunnerDebugSymbols' is not required, skipping update.
[  +78 ms] Artifact Instance of 'AndroidGenSnapshotArtifacts' is not required, skipping update.
[        ] Artifact Instance of 'AndroidInternalBuildArtifacts' is not required, skipping update.
[        ] Artifact Instance of 'IOSEngineArtifacts' is not required, skipping update.
[        ] Artifact Instance of 'FlutterEngineStamp' is not required, skipping update.
[   +4 ms] Artifact Instance of 'WindowsEngineArtifacts' is not required, skipping update.
[        ] Artifact Instance of 'MacOSEngineArtifacts' is not required, skipping update.
[        ] Artifact Instance of 'LinuxEngineArtifacts' is not required, skipping update.
[        ] Artifact Instance of 'LinuxFuchsiaSDKArtifacts' is not required, skipping update.
[        ] Artifact Instance of 'MacOSFuchsiaSDKArtifacts' is not required, skipping update.
[        ] Artifact Instance of 'FlutterRunnerSDKArtifacts' is not required, skipping update.
[        ] Artifact Instance of 'FlutterRunnerDebugSymbols' is not required, skipping update.
[  +33 ms] Skipping pub get: version match.
[  +82 ms] Found plugin url_launcher at C:\Users\hanoo\AppData\Local\Pub\Cache\hosted\pub.dev\url_launcher-6.3.2\
[   +4 ms] Found plugin url_launcher_windows at C:\Users\hanoo\AppData\Local\Pub\Cache\hosted\pub.dev\url_launcher_windows-3.1.5\
[   +4 ms] Found plugin url_launcher_web at C:\Users\hanoo\AppData\Local\Pub\Cache\hosted\pub.dev\url_launcher_web-2.4.1\
[   +3 ms] Found plugin url_launcher_macos at C:\Users\hanoo\AppData\Local\Pub\Cache\hosted\pub.dev\url_launcher_macos-3.2.5\
[   +1 ms] Found plugin url_launcher_linux at C:\Users\hanoo\AppData\Local\Pub\Cache\hosted\pub.dev\url_launcher_linux-3.2.2\
[   +1 ms] Found plugin url_launcher_ios at C:\Users\hanoo\AppData\Local\Pub\Cache\hosted\pub.dev\url_launcher_ios-6.3.6\
[   +1 ms] Found plugin url_launcher_android at C:\Users\hanoo\AppData\Local\Pub\Cache\hosted\pub.dev\url_launcher_android-6.3.28\
[   +1 ms] Found plugin shared_preferences at C:\Users\hanoo\AppData\Local\Pub\Cache\hosted\pub.dev\shared_preferences-2.5.4\
[   +1 ms] Found plugin shared_preferences_windows at C:\Users\hanoo\AppData\Local\Pub\Cache\hosted\pub.dev\shared_preferences_windows-2.4.1\
[   +1 ms] Found plugin path_provider_windows at C:\Users\hanoo\AppData\Local\Pub\Cache\hosted\pub.dev\path_provider_windows-2.3.0\
[   +2 ms] Found plugin shared_preferences_web at C:\Users\hanoo\AppData\Local\Pub\Cache\hosted\pub.dev\shared_preferences_web-2.4.3\
[   +1 ms] Found plugin shared_preferences_linux at C:\Users\hanoo\AppData\Local\Pub\Cache\hosted\pub.dev\shared_preferences_linux-2.4.1\
[   +1 ms] Found plugin path_provider_linux at C:\Users\hanoo\AppData\Local\Pub\Cache\hosted\pub.dev\path_provider_linux-2.2.1\
[   +3 ms] Found plugin shared_preferences_foundation at C:\Users\hanoo\AppData\Local\Pub\Cache\hosted\pub.dev\shared_preferences_foundation-2.5.6\
[   +1 ms] Found plugin shared_preferences_android at C:\Users\hanoo\AppData\Local\Pub\Cache\hosted\pub.dev\shared_preferences_android-2.4.21\
[   +5 ms] Found plugin image_picker at C:\Users\hanoo\AppData\Local\Pub\Cache\hosted\pub.dev\image_picker-1.2.1\
[   +1 ms] Found plugin image_picker_windows at C:\Users\hanoo\AppData\Local\Pub\Cache\hosted\pub.dev\image_picker_windows-0.2.2\
[   +5 ms] Found plugin file_selector_windows at C:\Users\hanoo\AppData\Local\Pub\Cache\hosted\pub.dev\file_selector_windows-0.9.3+5\
[   +2 ms] Found plugin image_picker_macos at C:\Users\hanoo\AppData\Local\Pub\Cache\hosted\pub.dev\image_picker_macos-0.2.2+1\
[   +1 ms] Found plugin file_selector_macos at C:\Users\hanoo\AppData\Local\Pub\Cache\hosted\pub.dev\file_selector_macos-0.9.5\
[   +1 ms] Found plugin image_picker_linux at C:\Users\hanoo\AppData\Local\Pub\Cache\hosted\pub.dev\image_picker_linux-0.2.2\
[        ] Found plugin file_selector_linux at C:\Users\hanoo\AppData\Local\Pub\Cache\hosted\pub.dev\file_selector_linux-0.9.4\
[        ] Found plugin image_picker_ios at C:\Users\hanoo\AppData\Local\Pub\Cache\hosted\pub.dev\image_picker_ios-0.8.13+3\
[        ] Found plugin image_picker_for_web at C:\Users\hanoo\AppData\Local\Pub\Cache\hosted\pub.dev\image_picker_for_web-3.1.1\
[   +1 ms] Found plugin image_picker_android at C:\Users\hanoo\AppData\Local\Pub\Cache\hosted\pub.dev\image_picker_android-0.8.13+14\
[        ] Found plugin flutter_plugin_android_lifecycle at C:\Users\hanoo\AppData\Local\Pub\Cache\hosted\pub.dev\flutter_plugin_android_lifecycle-2.0.33\
[        ] Found plugin google_mlkit_image_labeling at C:\Users\hanoo\AppData\Local\Pub\Cache\hosted\pub.dev\google_mlkit_image_labeling-0.14.2\
[   +1 ms] Found plugin google_mlkit_commons at C:\Users\hanoo\AppData\Local\Pub\Cache\hosted\pub.dev\google_mlkit_commons-0.11.1\
[   +1 ms] Found plugin path_provider at C:\Users\hanoo\AppData\Local\Pub\Cache\hosted\pub.dev\path_provider-2.1.5\
[   +1 ms] Found plugin path_provider_foundation at C:\Users\hanoo\AppData\Local\Pub\Cache\hosted\pub.dev\path_provider_foundation-2.5.1\
[   +1 ms] Found plugin path_provider_android at C:\Users\hanoo\AppData\Local\Pub\Cache\hosted\pub.dev\path_provider_android-2.2.22\
[   +1 ms] Found plugin geolocator at C:\Users\hanoo\AppData\Local\Pub\Cache\hosted\pub.dev\geolocator-14.0.2\
[   +1 ms] Found plugin geolocator_windows at C:\Users\hanoo\AppData\Local\Pub\Cache\hosted\pub.dev\geolocator_windows-0.2.5\
[   +2 ms] Found plugin geolocator_web at C:\Users\hanoo\AppData\Local\Pub\Cache\hosted\pub.dev\geolocator_web-4.1.3\
[   +1 ms] Found plugin geolocator_linux at C:\Users\hanoo\AppData\Local\Pub\Cache\hosted\pub.dev\geolocator_linux-0.2.4\
[   +1 ms] Found plugin package_info_plus at C:\Users\hanoo\AppData\Local\Pub\Cache\hosted\pub.dev\package_info_plus-9.0.0\
[   +4 ms] Found plugin geolocator_apple at C:\Users\hanoo\AppData\Local\Pub\Cache\hosted\pub.dev\geolocator_apple-2.3.13\
[        ] Found plugin geolocator_android at C:\Users\hanoo\AppData\Local\Pub\Cache\hosted\pub.dev\geolocator_android-5.0.2\
[   +7 ms] Found plugin firebase_storage at C:\Users\hanoo\AppData\Local\Pub\Cache\hosted\pub.dev\firebase_storage-13.0.6\
[        ] Found plugin firebase_storage_web at C:\Users\hanoo\AppData\Local\Pub\Cache\hosted\pub.dev\firebase_storage_web-3.11.2\
[   +1 ms] Found plugin firebase_core at C:\Users\hanoo\AppData\Local\Pub\Cache\hosted\pub.dev\firebase_core-4.4.0\
[        ] Found plugin firebase_core_web at C:\Users\hanoo\AppData\Local\Pub\Cache\hosted\pub.dev\firebase_core_web-3.4.0\
[   +1 ms] Found plugin firebase_auth at C:\Users\hanoo\AppData\Local\Pub\Cache\hosted\pub.dev\firebase_auth-6.1.4\
[        ] Found plugin firebase_auth_web at C:\Users\hanoo\AppData\Local\Pub\Cache\hosted\pub.dev\firebase_auth_web-6.1.2\
[   +1 ms] Found plugin cloud_firestore at C:\Users\hanoo\AppData\Local\Pub\Cache\hosted\pub.dev\cloud_firestore-6.1.2\
[        ] Found plugin cloud_firestore_web at C:\Users\hanoo\AppData\Local\Pub\Cache\hosted\pub.dev\cloud_firestore_web-5.1.2\
[   +2 ms] Found plugin sqflite at C:\Users\hanoo\AppData\Local\Pub\Cache\hosted\pub.dev\sqflite-2.4.2\
[   +2 ms] Found plugin sqflite_darwin at C:\Users\hanoo\AppData\Local\Pub\Cache\hosted\pub.dev\sqflite_darwin-2.4.2\
[        ] Found plugin sqflite_android at C:\Users\hanoo\AppData\Local\Pub\Cache\hosted\pub.dev\sqflite_android-2.4.2+2\
[  +44 ms] Found plugin url_launcher at C:\Users\hanoo\AppData\Local\Pub\Cache\hosted\pub.dev\url_launcher-6.3.2\
[        ] Found plugin url_launcher_windows at C:\Users\hanoo\AppData\Local\Pub\Cache\hosted\pub.dev\url_launcher_windows-3.1.5\
[   +1 ms] Found plugin url_launcher_web at C:\Users\hanoo\AppData\Local\Pub\Cache\hosted\pub.dev\url_launcher_web-2.4.1\
[   +1 ms] Found plugin url_launcher_macos at C:\Users\hanoo\AppData\Local\Pub\Cache\hosted\pub.dev\url_launcher_macos-3.2.5\
[        ] Found plugin url_launcher_linux at C:\Users\hanoo\AppData\Local\Pub\Cache\hosted\pub.dev\url_launcher_linux-3.2.2\
[        ] Found plugin url_launcher_ios at C:\Users\hanoo\AppData\Local\Pub\Cache\hosted\pub.dev\url_launcher_ios-6.3.6\
[        ] Found plugin url_launcher_android at C:\Users\hanoo\AppData\Local\Pub\Cache\hosted\pub.dev\url_launcher_android-6.3.28\
[        ] Found plugin shared_preferences at C:\Users\hanoo\AppData\Local\Pub\Cache\hosted\pub.dev\shared_preferences-2.5.4\
[        ] Found plugin shared_preferences_windows at C:\Users\hanoo\AppData\Local\Pub\Cache\hosted\pub.dev\shared_preferences_windows-2.4.1\
[        ] Found plugin path_provider_windows at C:\Users\hanoo\AppData\Local\Pub\Cache\hosted\pub.dev\path_provider_windows-2.3.0\
[   +1 ms] Found plugin shared_preferences_web at C:\Users\hanoo\AppData\Local\Pub\Cache\hosted\pub.dev\shared_preferences_web-2.4.3\
[        ] Found plugin shared_preferences_linux at C:\Users\hanoo\AppData\Local\Pub\Cache\hosted\pub.dev\shared_preferences_linux-2.4.1\
[        ] Found plugin path_provider_linux at C:\Users\hanoo\AppData\Local\Pub\Cache\hosted\pub.dev\path_provider_linux-2.2.1\
[        ] Found plugin shared_preferences_foundation at C:\Users\hanoo\AppData\Local\Pub\Cache\hosted\pub.dev\shared_preferences_foundation-2.5.6\
[        ] Found plugin shared_preferences_android at C:\Users\hanoo\AppData\Local\Pub\Cache\hosted\pub.dev\shared_preferences_android-2.4.21\
[   +2 ms] Found plugin image_picker at C:\Users\hanoo\AppData\Local\Pub\Cache\hosted\pub.dev\image_picker-1.2.1\
[        ] Found plugin image_picker_windows at C:\Users\hanoo\AppData\Local\Pub\Cache\hosted\pub.dev\image_picker_windows-0.2.2\
[   +2 ms] Found plugin file_selector_windows at C:\Users\hanoo\AppData\Local\Pub\Cache\hosted\pub.dev\file_selector_windows-0.9.3+5\
[        ] Found plugin image_picker_macos at C:\Users\hanoo\AppData\Local\Pub\Cache\hosted\pub.dev\image_picker_macos-0.2.2+1\
[        ] Found plugin file_selector_macos at C:\Users\hanoo\AppData\Local\Pub\Cache\hosted\pub.dev\file_selector_macos-0.9.5\
[        ] Found plugin image_picker_linux at C:\Users\hanoo\AppData\Local\Pub\Cache\hosted\pub.dev\image_picker_linux-0.2.2\
[        ] Found plugin file_selector_linux at C:\Users\hanoo\AppData\Local\Pub\Cache\hosted\pub.dev\file_selector_linux-0.9.4\
[        ] Found plugin image_picker_ios at C:\Users\hanoo\AppData\Local\Pub\Cache\hosted\pub.dev\image_picker_ios-0.8.13+3\
[        ] Found plugin image_picker_for_web at C:\Users\hanoo\AppData\Local\Pub\Cache\hosted\pub.dev\image_picker_for_web-3.1.1\
[        ] Found plugin image_picker_android at C:\Users\hanoo\AppData\Local\Pub\Cache\hosted\pub.dev\image_picker_android-0.8.13+14\
[        ] Found plugin flutter_plugin_android_lifecycle at C:\Users\hanoo\AppData\Local\Pub\Cache\hosted\pub.dev\flutter_plugin_android_lifecycle-2.0.33\
[        ] Found plugin google_mlkit_image_labeling at C:\Users\hanoo\AppData\Local\Pub\Cache\hosted\pub.dev\google_mlkit_image_labeling-0.14.2\
[        ] Found plugin google_mlkit_commons at C:\Users\hanoo\AppData\Local\Pub\Cache\hosted\pub.dev\google_mlkit_commons-0.11.1\
[        ] Found plugin path_provider at C:\Users\hanoo\AppData\Local\Pub\Cache\hosted\pub.dev\path_provider-2.1.5\
[        ] Found plugin path_provider_foundation at C:\Users\hanoo\AppData\Local\Pub\Cache\hosted\pub.dev\path_provider_foundation-2.5.1\
[        ] Found plugin path_provider_android at C:\Users\hanoo\AppData\Local\Pub\Cache\hosted\pub.dev\path_provider_android-2.2.22\
[        ] Found plugin geolocator at C:\Users\hanoo\AppData\Local\Pub\Cache\hosted\pub.dev\geolocator-14.0.2\
[        ] Found plugin geolocator_windows at C:\Users\hanoo\AppData\Local\Pub\Cache\hosted\pub.dev\geolocator_windows-0.2.5\
[        ] Found plugin geolocator_web at C:\Users\hanoo\AppData\Local\Pub\Cache\hosted\pub.dev\geolocator_web-4.1.3\
[        ] Found plugin geolocator_linux at C:\Users\hanoo\AppData\Local\Pub\Cache\hosted\pub.dev\geolocator_linux-0.2.4\
[        ] Found plugin package_info_plus at C:\Users\hanoo\AppData\Local\Pub\Cache\hosted\pub.dev\package_info_plus-9.0.0\
[   +2 ms] Found plugin geolocator_apple at C:\Users\hanoo\AppData\Local\Pub\Cache\hosted\pub.dev\geolocator_apple-2.3.13\
[        ] Found plugin geolocator_android at C:\Users\hanoo\AppData\Local\Pub\Cache\hosted\pub.dev\geolocator_android-5.0.2\
[   +5 ms] Found plugin firebase_storage at C:\Users\hanoo\AppData\Local\Pub\Cache\hosted\pub.dev\firebase_storage-13.0.6\
[        ] Found plugin firebase_storage_web at C:\Users\hanoo\AppData\Local\Pub\Cache\hosted\pub.dev\firebase_storage_web-3.11.2\
[   +1 ms] Found plugin firebase_core at C:\Users\hanoo\AppData\Local\Pub\Cache\hosted\pub.dev\firebase_core-4.4.0\
[        ] Found plugin firebase_core_web at C:\Users\hanoo\AppData\Local\Pub\Cache\hosted\pub.dev\firebase_core_web-3.4.0\
[   +1 ms] Found plugin firebase_auth at C:\Users\hanoo\AppData\Local\Pub\Cache\hosted\pub.dev\firebase_auth-6.1.4\
[   +1 ms] Found plugin firebase_auth_web at C:\Users\hanoo\AppData\Local\Pub\Cache\hosted\pub.dev\firebase_auth_web-6.1.2\
[   +1 ms] Found plugin cloud_firestore at C:\Users\hanoo\AppData\Local\Pub\Cache\hosted\pub.dev\cloud_firestore-6.1.2\
[        ] Found plugin cloud_firestore_web at C:\Users\hanoo\AppData\Local\Pub\Cache\hosted\pub.dev\cloud_firestore_web-5.1.2\
[   +2 ms] Found plugin sqflite at C:\Users\hanoo\AppData\Local\Pub\Cache\hosted\pub.dev\sqflite-2.4.2\
[   +1 ms] Found plugin sqflite_darwin at C:\Users\hanoo\AppData\Local\Pub\Cache\hosted\pub.dev\sqflite_darwin-2.4.2\
[        ] Found plugin sqflite_android at C:\Users\hanoo\AppData\Local\Pub\Cache\hosted\pub.dev\sqflite_android-2.4.2+2\
[   +8 ms] Skipping generating web_plugin_registrant.dart because it is up-to-date.
[  +28 ms] Found plugin url_launcher at C:\Users\hanoo\AppData\Local\Pub\Cache\hosted\pub.dev\url_launcher-6.3.2\
[        ] Found plugin url_launcher_windows at C:\Users\hanoo\AppData\Local\Pub\Cache\hosted\pub.dev\url_launcher_windows-3.1.5\
[   +1 ms] Found plugin url_launcher_web at C:\Users\hanoo\AppData\Local\Pub\Cache\hosted\pub.dev\url_launcher_web-2.4.1\
[   +1 ms] Found plugin url_launcher_macos at C:\Users\hanoo\AppData\Local\Pub\Cache\hosted\pub.dev\url_launcher_macos-3.2.5\
[        ] Found plugin url_launcher_linux at C:\Users\hanoo\AppData\Local\Pub\Cache\hosted\pub.dev\url_launcher_linux-3.2.2\
[        ] Found plugin url_launcher_ios at C:\Users\hanoo\AppData\Local\Pub\Cache\hosted\pub.dev\url_launcher_ios-6.3.6\
[        ] Found plugin url_launcher_android at C:\Users\hanoo\AppData\Local\Pub\Cache\hosted\pub.dev\url_launcher_android-6.3.28\
[        ] Found plugin shared_preferences at C:\Users\hanoo\AppData\Local\Pub\Cache\hosted\pub.dev\shared_preferences-2.5.4\
[        ] Found plugin shared_preferences_windows at C:\Users\hanoo\AppData\Local\Pub\Cache\hosted\pub.dev\shared_preferences_windows-2.4.1\
[   +1 ms] Found plugin path_provider_windows at C:\Users\hanoo\AppData\Local\Pub\Cache\hosted\pub.dev\path_provider_windows-2.3.0\
[   +1 ms] Found plugin shared_preferences_web at C:\Users\hanoo\AppData\Local\Pub\Cache\hosted\pub.dev\shared_preferences_web-2.4.3\
[        ] Found plugin shared_preferences_linux at C:\Users\hanoo\AppData\Local\Pub\Cache\hosted\pub.dev\shared_preferences_linux-2.4.1\
[        ] Found plugin path_provider_linux at C:\Users\hanoo\AppData\Local\Pub\Cache\hosted\pub.dev\path_provider_linux-2.2.1\
[        ] Found plugin shared_preferences_foundation at C:\Users\hanoo\AppData\Local\Pub\Cache\hosted\pub.dev\shared_preferences_foundation-2.5.6\
[        ] Found plugin shared_preferences_android at C:\Users\hanoo\AppData\Local\Pub\Cache\hosted\pub.dev\shared_preferences_android-2.4.21\
[   +2 ms] Found plugin image_picker at C:\Users\hanoo\AppData\Local\Pub\Cache\hosted\pub.dev\image_picker-1.2.1\
[        ] Found plugin image_picker_windows at C:\Users\hanoo\AppData\Local\Pub\Cache\hosted\pub.dev\image_picker_windows-0.2.2\
[   +1 ms] Found plugin file_selector_windows at C:\Users\hanoo\AppData\Local\Pub\Cache\hosted\pub.dev\file_selector_windows-0.9.3+5\
[        ] Found plugin image_picker_macos at C:\Users\hanoo\AppData\Local\Pub\Cache\hosted\pub.dev\image_picker_macos-0.2.2+1\
[        ] Found plugin file_selector_macos at C:\Users\hanoo\AppData\Local\Pub\Cache\hosted\pub.dev\file_selector_macos-0.9.5\
[        ] Found plugin image_picker_linux at C:\Users\hanoo\AppData\Local\Pub\Cache\hosted\pub.dev\image_picker_linux-0.2.2\
[        ] Found plugin file_selector_linux at C:\Users\hanoo\AppData\Local\Pub\Cache\hosted\pub.dev\file_selector_linux-0.9.4\
[        ] Found plugin image_picker_ios at C:\Users\hanoo\AppData\Local\Pub\Cache\hosted\pub.dev\image_picker_ios-0.8.13+3\
[        ] Found plugin image_picker_for_web at C:\Users\hanoo\AppData\Local\Pub\Cache\hosted\pub.dev\image_picker_for_web-3.1.1\
[        ] Found plugin image_picker_android at C:\Users\hanoo\AppData\Local\Pub\Cache\hosted\pub.dev\image_picker_android-0.8.13+14\
[        ] Found plugin flutter_plugin_android_lifecycle at C:\Users\hanoo\AppData\Local\Pub\Cache\hosted\pub.dev\flutter_plugin_android_lifecycle-2.0.33\
[        ] Found plugin google_mlkit_image_labeling at C:\Users\hanoo\AppData\Local\Pub\Cache\hosted\pub.dev\google_mlkit_image_labeling-0.14.2\
[        ] Found plugin google_mlkit_commons at C:\Users\hanoo\AppData\Local\Pub\Cache\hosted\pub.dev\google_mlkit_commons-0.11.1\
[        ] Found plugin path_provider at C:\Users\hanoo\AppData\Local\Pub\Cache\hosted\pub.dev\path_provider-2.1.5\
[        ] Found plugin path_provider_foundation at C:\Users\hanoo\AppData\Local\Pub\Cache\hosted\pub.dev\path_provider_foundation-2.5.1\
[        ] Found plugin path_provider_android at C:\Users\hanoo\AppData\Local\Pub\Cache\hosted\pub.dev\path_provider_android-2.2.22\
[        ] Found plugin geolocator at C:\Users\hanoo\AppData\Local\Pub\Cache\hosted\pub.dev\geolocator-14.0.2\
[        ] Found plugin geolocator_windows at C:\Users\hanoo\AppData\Local\Pub\Cache\hosted\pub.dev\geolocator_windows-0.2.5\
[        ] Found plugin geolocator_web at C:\Users\hanoo\AppData\Local\Pub\Cache\hosted\pub.dev\geolocator_web-4.1.3\
[        ] Found plugin geolocator_linux at C:\Users\hanoo\AppData\Local\Pub\Cache\hosted\pub.dev\geolocator_linux-0.2.4\
[        ] Found plugin package_info_plus at C:\Users\hanoo\AppData\Local\Pub\Cache\hosted\pub.dev\package_info_plus-9.0.0\
[   +2 ms] Found plugin geolocator_apple at C:\Users\hanoo\AppData\Local\Pub\Cache\hosted\pub.dev\geolocator_apple-2.3.13\
[        ] Found plugin geolocator_android at C:\Users\hanoo\AppData\Local\Pub\Cache\hosted\pub.dev\geolocator_android-5.0.2\
[   +5 ms] Found plugin firebase_storage at C:\Users\hanoo\AppData\Local\Pub\Cache\hosted\pub.dev\firebase_storage-13.0.6\
[        ] Found plugin firebase_storage_web at C:\Users\hanoo\AppData\Local\Pub\Cache\hosted\pub.dev\firebase_storage_web-3.11.2\
[        ] Found plugin firebase_core at C:\Users\hanoo\AppData\Local\Pub\Cache\hosted\pub.dev\firebase_core-4.4.0\
[        ] Found plugin firebase_core_web at C:\Users\hanoo\AppData\Local\Pub\Cache\hosted\pub.dev\firebase_core_web-3.4.0\
[   +1 ms] Found plugin firebase_auth at C:\Users\hanoo\AppData\Local\Pub\Cache\hosted\pub.dev\firebase_auth-6.1.4\
[        ] Found plugin firebase_auth_web at C:\Users\hanoo\AppData\Local\Pub\Cache\hosted\pub.dev\firebase_auth_web-6.1.2\
[   +1 ms] Found plugin cloud_firestore at C:\Users\hanoo\AppData\Local\Pub\Cache\hosted\pub.dev\cloud_firestore-6.1.2\
[        ] Found plugin cloud_firestore_web at C:\Users\hanoo\AppData\Local\Pub\Cache\hosted\pub.dev\cloud_firestore_web-5.1.2\
[   +2 ms] Found plugin sqflite at C:\Users\hanoo\AppData\Local\Pub\Cache\hosted\pub.dev\sqflite-2.4.2\
[   +1 ms] Found plugin sqflite_darwin at C:\Users\hanoo\AppData\Local\Pub\Cache\hosted\pub.dev\sqflite_darwin-2.4.2\
[        ] Found plugin sqflite_android at C:\Users\hanoo\AppData\Local\Pub\Cache\hosted\pub.dev\sqflite_android-2.4.2+2\
[   +5 ms] Generating C:\uni-projects\greenshare1\android\app\src\main\java\io\flutter\plugins\GeneratedPluginRegistrant.java
[        ] Skipping generating GeneratedPluginRegistrant.java because it is up-to-date.
[   +3 ms] Skipping generating generated_plugin_registrant.h because it is up-to-date.
[        ] Skipping generating generated_plugin_registrant.cc because it is up-to-date.
[        ] Skipping generating generated_plugins.cmake because it is up-to-date.
[   +1 ms] Skipping generating generated_plugin_registrant.h because it is up-to-date.
[        ] Skipping generating generated_plugin_registrant.cc because it is up-to-date.
[        ] Skipping generating generated_plugins.cmake because it is up-to-date.
[   +1 ms] Skipping generating GeneratedPluginRegistrant.h because it is up-to-date.
[        ] Skipping generating GeneratedPluginRegistrant.m because it is up-to-date.
[        ] Skipping generating GeneratedPluginRegistrant.swift because it is up-to-date.
[ +145 ms] Launching lib\main.dart on Chrome in debug mode...
[   +3 ms] executing: C:\Users\hanoo\AppData\Local\Android\sdk\platform-tools\adb.exe devices -l
[  +98 ms] List of devices attached
[  +77 ms] Initializing file store
[   +7 ms] gen_localizations: Starting due to {}
[  +68 ms] Skipping target: gen_dart_plugin_registrant
[ +738 ms] gen_localizations: Complete
[   +3 ms] _composite: Starting due to {}
[        ] _composite: Complete
[   +2 ms] complete
[        ] Updating assets
[ +184 ms] Waiting for connection from debug service on Chrome...
[  +39 ms] Found plugin url_launcher at C:\Users\hanoo\AppData\Local\Pub\Cache\hosted\pub.dev\url_launcher-6.3.2\
[        ] Found plugin url_launcher_windows at C:\Users\hanoo\AppData\Local\Pub\Cache\hosted\pub.dev\url_launcher_windows-3.1.5\
[   +1 ms] Found plugin url_launcher_web at C:\Users\hanoo\AppData\Local\Pub\Cache\hosted\pub.dev\url_launcher_web-2.4.1\
[   +1 ms] Found plugin url_launcher_macos at C:\Users\hanoo\AppData\Local\Pub\Cache\hosted\pub.dev\url_launcher_macos-3.2.5\
[        ] Found plugin url_launcher_linux at C:\Users\hanoo\AppData\Local\Pub\Cache\hosted\pub.dev\url_launcher_linux-3.2.2\
[        ] Found plugin url_launcher_ios at C:\Users\hanoo\AppData\Local\Pub\Cache\hosted\pub.dev\url_launcher_ios-6.3.6\
[        ] Found plugin url_launcher_android at C:\Users\hanoo\AppData\Local\Pub\Cache\hosted\pub.dev\url_launcher_android-6.3.28\
[        ] Found plugin shared_preferences at C:\Users\hanoo\AppData\Local\Pub\Cache\hosted\pub.dev\shared_preferences-2.5.4\
[        ] Found plugin shared_preferences_windows at C:\Users\hanoo\AppData\Local\Pub\Cache\hosted\pub.dev\shared_preferences_windows-2.4.1\
[        ] Found plugin path_provider_windows at C:\Users\hanoo\AppData\Local\Pub\Cache\hosted\pub.dev\path_provider_windows-2.3.0\
[   +1 ms] Found plugin shared_preferences_web at C:\Users\hanoo\AppData\Local\Pub\Cache\hosted\pub.dev\shared_preferences_web-2.4.3\
[        ] Found plugin shared_preferences_linux at C:\Users\hanoo\AppData\Local\Pub\Cache\hosted\pub.dev\shared_preferences_linux-2.4.1\
[   +1 ms] Found plugin path_provider_linux at C:\Users\hanoo\AppData\Local\Pub\Cache\hosted\pub.dev\path_provider_linux-2.2.1\
[   +1 ms] Found plugin shared_preferences_foundation at C:\Users\hanoo\AppData\Local\Pub\Cache\hosted\pub.dev\shared_preferences_foundation-2.5.6\
[        ] Found plugin shared_preferences_android at C:\Users\hanoo\AppData\Local\Pub\Cache\hosted\pub.dev\shared_preferences_android-2.4.21\
[   +1 ms] Found plugin image_picker at C:\Users\hanoo\AppData\Local\Pub\Cache\hosted\pub.dev\image_picker-1.2.1\
[        ] Found plugin image_picker_windows at C:\Users\hanoo\AppData\Local\Pub\Cache\hosted\pub.dev\image_picker_windows-0.2.2\
[   +1 ms] Found plugin file_selector_windows at C:\Users\hanoo\AppData\Local\Pub\Cache\hosted\pub.dev\file_selector_windows-0.9.3+5\
[   +1 ms] Found plugin image_picker_macos at C:\Users\hanoo\AppData\Local\Pub\Cache\hosted\pub.dev\image_picker_macos-0.2.2+1\
[        ] Found plugin file_selector_macos at C:\Users\hanoo\AppData\Local\Pub\Cache\hosted\pub.dev\file_selector_macos-0.9.5\
[        ] Found plugin image_picker_linux at C:\Users\hanoo\AppData\Local\Pub\Cache\hosted\pub.dev\image_picker_linux-0.2.2\
[        ] Found plugin file_selector_linux at C:\Users\hanoo\AppData\Local\Pub\Cache\hosted\pub.dev\file_selector_linux-0.9.4\
[        ] Found plugin image_picker_ios at C:\Users\hanoo\AppData\Local\Pub\Cache\hosted\pub.dev\image_picker_ios-0.8.13+3\
[        ] Found plugin image_picker_for_web at C:\Users\hanoo\AppData\Local\Pub\Cache\hosted\pub.dev\image_picker_for_web-3.1.1\
[        ] Found plugin image_picker_android at C:\Users\hanoo\AppData\Local\Pub\Cache\hosted\pub.dev\image_picker_android-0.8.13+14\
[        ] Found plugin flutter_plugin_android_lifecycle at C:\Users\hanoo\AppData\Local\Pub\Cache\hosted\pub.dev\flutter_plugin_android_lifecycle-2.0.33\
[        ] Found plugin google_mlkit_image_labeling at C:\Users\hanoo\AppData\Local\Pub\Cache\hosted\pub.dev\google_mlkit_image_labeling-0.14.2\
[        ] Found plugin google_mlkit_commons at C:\Users\hanoo\AppData\Local\Pub\Cache\hosted\pub.dev\google_mlkit_commons-0.11.1\
[        ] Found plugin path_provider at C:\Users\hanoo\AppData\Local\Pub\Cache\hosted\pub.dev\path_provider-2.1.5\
[        ] Found plugin path_provider_foundation at C:\Users\hanoo\AppData\Local\Pub\Cache\hosted\pub.dev\path_provider_foundation-2.5.1\
[        ] Found plugin path_provider_android at C:\Users\hanoo\AppData\Local\Pub\Cache\hosted\pub.dev\path_provider_android-2.2.22\
[        ] Found plugin geolocator at C:\Users\hanoo\AppData\Local\Pub\Cache\hosted\pub.dev\geolocator-14.0.2\
[        ] Found plugin geolocator_windows at C:\Users\hanoo\AppData\Local\Pub\Cache\hosted\pub.dev\geolocator_windows-0.2.5\
[        ] Found plugin geolocator_web at C:\Users\hanoo\AppData\Local\Pub\Cache\hosted\pub.dev\geolocator_web-4.1.3\
[        ] Found plugin geolocator_linux at C:\Users\hanoo\AppData\Local\Pub\Cache\hosted\pub.dev\geolocator_linux-0.2.4\
[        ] Found plugin package_info_plus at C:\Users\hanoo\AppData\Local\Pub\Cache\hosted\pub.dev\package_info_plus-9.0.0\
[   +2 ms] Found plugin geolocator_apple at C:\Users\hanoo\AppData\Local\Pub\Cache\hosted\pub.dev\geolocator_apple-2.3.13\
[        ] Found plugin geolocator_android at C:\Users\hanoo\AppData\Local\Pub\Cache\hosted\pub.dev\geolocator_android-5.0.2\
[   +5 ms] Found plugin firebase_storage at C:\Users\hanoo\AppData\Local\Pub\Cache\hosted\pub.dev\firebase_storage-13.0.6\
[        ] Found plugin firebase_storage_web at C:\Users\hanoo\AppData\Local\Pub\Cache\hosted\pub.dev\firebase_storage_web-3.11.2\
[        ] Found plugin firebase_core at C:\Users\hanoo\AppData\Local\Pub\Cache\hosted\pub.dev\firebase_core-4.4.0\
[   +1 ms] Found plugin firebase_core_web at C:\Users\hanoo\AppData\Local\Pub\Cache\hosted\pub.dev\firebase_core_web-3.4.0\
[   +1 ms] Found plugin firebase_auth at C:\Users\hanoo\AppData\Local\Pub\Cache\hosted\pub.dev\firebase_auth-6.1.4\
[        ] Found plugin firebase_auth_web at C:\Users\hanoo\AppData\Local\Pub\Cache\hosted\pub.dev\firebase_auth_web-6.1.2\
[   +1 ms] Found plugin cloud_firestore at C:\Users\hanoo\AppData\Local\Pub\Cache\hosted\pub.dev\cloud_firestore-6.1.2\
[        ] Found plugin cloud_firestore_web at C:\Users\hanoo\AppData\Local\Pub\Cache\hosted\pub.dev\cloud_firestore_web-5.1.2\
[   +3 ms] Found plugin sqflite at C:\Users\hanoo\AppData\Local\Pub\Cache\hosted\pub.dev\sqflite-2.4.2\
[   +1 ms] Found plugin sqflite_darwin at C:\Users\hanoo\AppData\Local\Pub\Cache\hosted\pub.dev\sqflite_darwin-2.4.2\
[        ] Found plugin sqflite_android at C:\Users\hanoo\AppData\Local\Pub\Cache\hosted\pub.dev\sqflite_android-2.4.2+2\
[  +24 ms] shaderc command: [C:\flutter\bin\cache\artifacts\engine\windows-x64\impellerc.exe, --sksl, --iplr, --json, --sl=build\flutter_assets\shaders/ink_sparkle.frag, --spirv=build\flutter_assets\shaders/ink_sparkle.frag.spirv, --input=C:\flutter\packages\flutter\lib\src\material\shaders\ink_sparkle.frag, --input-type=frag, --include=C:\flutter\packages\flutter\lib\src\material\shaders, --include=C:\flutter\bin\cache\artifacts\engine\windows-x64\shader_lib]
[ +201 ms] <- reset
[   +2 ms] C:\flutter\bin\cache\dart-sdk\bin\dartaotruntime.exe C:\flutter\bin\cache\dart-sdk\bin\snapshots\frontend_server_aot.dart.snapshot --sdk-root C:\flutter\bin\cache\flutter_web_sdk/ --incremental --target=dartdevc --experimental-emit-debug-metadata -DFLUTTER_VERSION=3.35.2 -DFLUTTER_CHANNEL=stable -DFLUTTER_GIT_URL=https://github.com/flutter/flutter.git -DFLUTTER_FRAMEWORK_REVISION=05db968908 -DFLUTTER_ENGINE_REVISION=a8bfdfc394 -DFLUTTER_DART_VERSION=3.9.0 --output-dill C:\Users\hanoo\AppData\Local\Temp\flutter_tools.cff0eb89\flutter_tool.22760a39\app.dill --packages C:\uni-projects\greenshare1\.dart_tool\package_config.json -Ddart.vm.profile=false -Ddart.vm.product=false --enable-asserts --track-widget-creation --filesystem-root C:\Users\hanoo\AppData\Local\Temp\flutter_tools.cff0eb89\flutter_tools.389aa921 --filesystem-scheme org-dartlang-app --initialize-from-dill build\7b274049f380fd19360a9716927098ae.cache.dill.track.dill --platform file:///C:/flutter/bin/cache/flutter_web_sdk/kernel/ddc_outline.dill --verbosity=error --dartdevc-canary --dartdevc-module-format=ddc
[   +9 ms] <- compile org-dartlang-app:/web_entrypoint.dart
flutter : [ +116 ms] 
Error: Couldn't 
resolve the package 
'flutter_gen' in 'packa
ge:flutter_gen/gen_l10n
/app_localizations.dart
'.
At line:1 char:1
+ flutter run -d 
chrome -v > 
build_output.txt 2>&1
+ ~~~~~~~~~~~~~~~~~~~~~
~~~~~~~~~~~~~~~~~~~~~~~
~~~~
    + CategoryInfo     
         : NotSpecifi  
  ed: ([ +116 ms] Er   
 ro...izations.dart    
'.:String) [], Rem    
oteException
    + FullyQualifiedEr 
   rorId : NativeComm  
  andError
 
[   +3 ms] 
lib/main.dart:13:8: 
Error: Not found: 'pack
age:flutter_gen/gen_l10
n/app_localizations.dar
t'
[        ] import 'pack
age:flutter_gen/gen_l10
n/app_localizations.dar
t';
[        ]        ^
[+1288 ms] 
lib/main.dart:87:3: 
Error: Type 
'AppLocalizations' not 
found.
[        ]   
AppLocalizations get 
l10n => AppLocalization
s.of(this)!;
[        ]   
^^^^^^^^^^^^^^^^
[+1305 ms] 
lib/main.dart:52:13: 
Error: Not a constant 
expression.
[        ]             
AppLocalizations.delega
te,
[        ]             
^^^^^^^^^^^^^^^^
[        ] 
lib/main.dart:87:32: 
Error: The getter 
'AppLocalizations' 
isn't defined for the 
type 'BuildContext'.
[        ]  - 
'BuildContext' is from 
'package:flutter/src/wi
dgets/framework.dart' (
'/C:/flutter/packages/f
lutter/lib/src/widgets/
framework.dart').
[        ] Try 
correcting the name to 
the name of an 
existing getter, or 
defining a getter or 
field named 
'AppLocalizations'.
[        ]   
AppLocalizations get 
l10n => AppLocalization
s.of(this)!;
[        ]             
                   
^^^^^^^^^^^^^^^^
[+15662 ms] Unhandled 
exception:
[        ] Unsupported 
operation: Unsupported 
invalid type 
InvalidType(<invalid>) 
(InvalidType). 
Encountered while 
compiling file:///C:/un
i-projects/greenshare1/
lib/screens/profile/pro
file_screen.dart, 
which contains the 
type: 
InvalidType(<invalid>).
[        ] #0      Libr
aryCompiler._typeCompil
ationError (package:dev
_compiler/src/kernel/co
mpiler_new.dart:4451)
[        ] #1      Libr
aryCompiler._emitType (
package:dev_compiler/sr
c/kernel/compiler_new.d
art:4416)
[        ] #2      Libr
aryCompiler._emitCast (
package:dev_compiler/sr
c/kernel/compiler_new.d
art:8566)
[        ] #3      Libr
aryCompiler._rewriteInv
ocationWithHotReloadChe
cks (package:dev_compil
er/src/kernel/compiler_
new.dart:7789)
[        ] #4      Libr
aryCompiler.visitStatic
Invocation (package:dev
_compiler/src/kernel/co
mpiler_new.dart:7641)
[        ] #5      Stat
icInvocation.accept (pa
ckage:kernel/src/ast/ex
pressions.dart:2602)
[        ] #6      Libr
aryCompiler._visitExpre
ssion (package:dev_comp
iler/src/kernel/compile
r_new.dart:5112)
[        ] #7      Libr
aryCompiler.visitDynami
cGet (package:dev_compi
ler/src/kernel/compiler
_new.dart:6131)
[        ] #8      
DynamicGet.accept (pack
age:kernel/src/ast/expr
essions.dart:478)
[        ] #9      Libr
aryCompiler._visitExpre
ssion (package:dev_comp
iler/src/kernel/compile
r_new.dart:5112)
[        ] #10     Libr
aryCompiler._emitArgume
ntGroups (package:dev_c
ompiler/src/kernel/comp
iler_new.dart:7943)
[        ] #11     Libr
aryCompiler._emitArgume
ntList (package:dev_com
piler/src/kernel/compil
er_new.dart:7906)
[        ] #12     Libr
aryCompiler.visitConstr
uctorInvocation (packag
e:dev_compiler/src/kern
el/compiler_new.dart:82
00)
[        ] #13     Cons
tructorInvocation.accep
t (package:kernel/src/a
st/expressions.dart:268
6)
[        ] #14     Libr
aryCompiler._visitExpre
ssion (package:dev_comp
iler/src/kernel/compile
r_new.dart:5112)
[        ] #15     Mapp
edIterable.elementAt (d
art:_internal/iterable.
dart:402)
[        ] #16     
ListIterator.moveNext (
dart:_internal/iterable
.dart:371)
[        ] #17     new 
_GrowableList._ofEffici
entLengthIterable (dart
:core-patch/growable_ar
ray.dart:194)
[        ] #18     new 
_GrowableList.of (dart:
core-patch/growable_arr
ay.dart:154)
[        ] #19     new 
List.of (dart:core-patc
h/array_patch.dart:39)
[        ] #20     
SetBase.toList (dart:co
llection/set.dart:119)
[        ] #21     Libr
aryCompiler._visitExpre
ssionList (package:dev_
compiler/src/kernel/com
piler_new.dart:5073)
[        ] #22     Libr
aryCompiler.visitListLi
teral (package:dev_comp
iler/src/kernel/compile
r_new.dart:8632)
[        ] #23     
ListLiteral.accept (pac
kage:kernel/src/ast/exp
ressions.dart:4162)
[        ] #24     Libr
aryCompiler._visitExpre
ssion (package:dev_comp
iler/src/kernel/compile
r_new.dart:5112)
[        ] #25     Libr
aryCompiler._visitIniti
alizer (package:dev_com
piler/src/kernel/compil
er_new.dart:2702)
[        ] #26     Libr
aryCompiler.visitVariab
leDeclaration (package:
dev_compiler/src/kernel
/compiler_new.dart:6001
)
[        ] #27     Vari
ableDeclaration.accept 
(package:kernel/src/ast
/statements.dart:1704)
[        ] #28     Libr
aryCompiler._visitState
ment (package:dev_compi
ler/src/kernel/compiler
_new.dart:5015)
[        ] #29     Libr
aryCompiler.visitBlockE
xpression (package:dev_
compiler/src/kernel/com
piler_new.dart:8873)
[        ] #30     
BlockExpression.accept 
(package:kernel/src/ast
/expressions.dart:4785)
[        ] #31     Libr
aryCompiler._visitExpre
ssion (package:dev_comp
iler/src/kernel/compile
r_new.dart:5112)
[        ] #32     Libr
aryCompiler._emitNamedE
xpression (package:dev_
compiler/src/kernel/com
piler_new.dart:7961)
[        ] #33     Libr
aryCompiler._emitArgume
ntGroups (package:dev_c
ompiler/src/kernel/comp
iler_new.dart:7947)
[        ] #34     Libr
aryCompiler._emitArgume
ntList (package:dev_com
piler/src/kernel/compil
er_new.dart:7906)
[        ] #35     Libr
aryCompiler.visitConstr
uctorInvocation (packag
e:dev_compiler/src/kern
el/compiler_new.dart:82
00)
[        ] #36     Cons
tructorInvocation.accep
t (package:kernel/src/a
st/expressions.dart:268
6)
[        ] #37     Libr
aryCompiler._visitExpre
ssion (package:dev_comp
iler/src/kernel/compile
r_new.dart:5112)
[        ] #38     Libr
aryCompiler._emitNamedE
xpression (package:dev_
compiler/src/kernel/com
piler_new.dart:7961)
[        ] #39     Libr
aryCompiler._emitArgume
ntGroups (package:dev_c
ompiler/src/kernel/comp
iler_new.dart:7947)
[        ] #40     Libr
aryCompiler._emitArgume
ntList (package:dev_com
piler/src/kernel/compil
er_new.dart:7906)
[        ] #41     Libr
aryCompiler.visitConstr
uctorInvocation (packag
e:dev_compiler/src/kern
el/compiler_new.dart:82
00)
[        ] #42     Cons
tructorInvocation.accep
t (package:kernel/src/a
st/expressions.dart:268
6)
[        ] #43     Libr
aryCompiler._visitExpre
ssion (package:dev_comp
iler/src/kernel/compile
r_new.dart:5112)
[        ] #44     Libr
aryCompiler.visitReturn
Statement (package:dev_
compiler/src/kernel/com
piler_new.dart:5867)
[        ] #45     
ReturnStatement.accept 
(package:kernel/src/ast
/statements.dart:1076)
[        ] #46     Libr
aryCompiler._visitState
ment (package:dev_compi
ler/src/kernel/compiler
_new.dart:5015)
[        ] #47     Mapp
edIterable.elementAt (d
art:_internal/iterable.
dart:402)
[        ] #48     
ListIterator.moveNext (
dart:_internal/iterable
.dart:371)
[        ] #49     new 
_GrowableList._ofEffici
entLengthIterable (dart
:core-patch/growable_ar
ray.dart:194)
[        ] #50     new 
_GrowableList.of (dart:
core-patch/growable_arr
ay.dart:154)
[        ] #51     new 
List.of (dart:core-patc
h/array_patch.dart:39)
[        ] #52     
SetBase.toList (dart:co
llection/set.dart:119)
[        ] #53     Libr
aryCompiler.visitBlock 
(package:dev_compiler/s
rc/kernel/compiler_new.
dart:5222)
[        ] #54     
Block.accept (package:k
ernel/src/ast/statement
s.dart:103)
[        ] #55     Libr
aryCompiler._visitState
ment (package:dev_compi
ler/src/kernel/compiler
_new.dart:5015)
[        ] #56     Libr
aryCompiler._emitFuncti
onScopedBody (package:d
ev_compiler/src/kernel/
compiler_new.dart:5048)
[        ] #57     Libr
aryCompiler._emitFuncti
on.<anonymous closure> 
(package:dev_compiler/s
rc/kernel/compiler_new.
dart:4638)
[        ] #58     Libr
aryCompiler._withLetSco
pe (package:dev_compile
r/src/kernel/compiler_n
ew.dart:3632)
[        ] #59     Libr
aryCompiler._withCurren
tFunction (package:dev_
compiler/src/kernel/com
piler_new.dart:4812)
[        ] #60     Libr
aryCompiler._emitFuncti
on (package:dev_compile
r/src/kernel/compiler_n
ew.dart:4630)
[        ] #61     Libr
aryCompiler._emitArrowF
unction (package:dev_co
mpiler/src/kernel/compi
ler_new.dart:8791)
[        ] #62     Libr
aryCompiler.visitFuncti
onExpression (package:d
ev_compiler/src/kernel/
compiler_new.dart:8781)
[        ] #63     Func
tionExpression.accept (
package:kernel/src/ast/
expressions.dart:4608)
[        ] #64     Libr
aryCompiler._visitExpre
ssion (package:dev_comp
iler/src/kernel/compile
r_new.dart:5112)
[        ] #65     Libr
aryCompiler._emitNamedE
xpression (package:dev_
compiler/src/kernel/com
piler_new.dart:7961)
[        ] #66     Libr
aryCompiler._emitArgume
ntGroups (package:dev_c
ompiler/src/kernel/comp
iler_new.dart:7947)
[        ] #67     Libr
aryCompiler._emitArgume
ntList (package:dev_com
piler/src/kernel/compil
er_new.dart:7906)
[        ] #68     Libr
aryCompiler.visitConstr
uctorInvocation (packag
e:dev_compiler/src/kern
el/compiler_new.dart:82
00)
[        ] #69     Cons
tructorInvocation.accep
t (package:kernel/src/a
st/expressions.dart:268
6)
[        ] #70     Libr
aryCompiler._visitExpre
ssion (package:dev_comp
iler/src/kernel/compile
r_new.dart:5112)
[        ] #71     Libr
aryCompiler._emitNamedE
xpression (package:dev_
compiler/src/kernel/com
piler_new.dart:7961)
[        ] #72     Libr
aryCompiler._emitArgume
ntGroups (package:dev_c
ompiler/src/kernel/comp
iler_new.dart:7947)
[        ] #73     Libr
aryCompiler._emitArgume
ntList (package:dev_com
piler/src/kernel/compil
er_new.dart:7906)
[        ] #74     Libr
aryCompiler.visitConstr
uctorInvocation (packag
e:dev_compiler/src/kern
el/compiler_new.dart:82
00)
[        ] #75     Cons
tructorInvocation.accep
t (package:kernel/src/a
st/expressions.dart:268
6)
[        ] #76     Libr
aryCompiler._visitExpre
ssion (package:dev_comp
iler/src/kernel/compile
r_new.dart:5112)
[        ] #77     Libr
aryCompiler.visitReturn
Statement (package:dev_
compiler/src/kernel/com
piler_new.dart:5867)
[        ] #78     
ReturnStatement.accept 
(package:kernel/src/ast
/statements.dart:1076)
[        ] #79     Libr
aryCompiler._visitState
ment (package:dev_compi
ler/src/kernel/compiler
_new.dart:5015)
[        ] #80     Mapp
edIterable.elementAt (d
art:_internal/iterable.
dart:402)
[        ] #81     
ListIterator.moveNext (
dart:_internal/iterable
.dart:371)
[        ] #82     new 
_GrowableList._ofEffici
entLengthIterable (dart
:core-patch/growable_ar
ray.dart:194)
[        ] #83     new 
_GrowableList.of (dart:
core-patch/growable_arr
ay.dart:154)
[        ] #84     new 
List.of (dart:core-patc
h/array_patch.dart:39)
[        ] #85     
SetBase.toList (dart:co
llection/set.dart:119)
[        ] #86     Libr
aryCompiler.visitBlock 
(package:dev_compiler/s
rc/kernel/compiler_new.
dart:5222)
[        ] #87     
Block.accept (package:k
ernel/src/ast/statement
s.dart:103)
[        ] #88     Libr
aryCompiler._visitState
ment (package:dev_compi
ler/src/kernel/compiler
_new.dart:5015)
[        ] #89     Libr
aryCompiler._emitFuncti
onScopedBody (package:d
ev_compiler/src/kernel/
compiler_new.dart:5048)
[        ] #90     Libr
aryCompiler._emitFuncti
on.<anonymous closure> 
(package:dev_compiler/s
rc/kernel/compiler_new.
dart:4638)
[        ] #91     Libr
aryCompiler._withLetSco
pe (package:dev_compile
r/src/kernel/compiler_n
ew.dart:3632)
[        ] #92     Libr
aryCompiler._withCurren
tFunction (package:dev_
compiler/src/kernel/com
piler_new.dart:4812)
[        ] #93     Libr
aryCompiler._emitFuncti
on (package:dev_compile
r/src/kernel/compiler_n
ew.dart:4630)
[        ] #94     Libr
aryCompiler._emitMethod
Declaration.<anonymous 
closure> (package:dev_c
ompiler/src/kernel/comp
iler_new.dart:2912)
[        ] #95     Libr
aryCompiler._withMethod
DeclarationContext (pac
kage:dev_compiler/src/k
ernel/compiler_new.dart
:4837)
[        ] #96     Libr
aryCompiler._emitMethod
Declaration (package:de
v_compiler/src/kernel/c
ompiler_new.dart:2910)
[        ] #97     Libr
aryCompiler._emitClassP
roperties (package:dev_
compiler/src/kernel/com
piler_new.dart:2851)
[        ] #98     Libr
aryCompiler._emitClassD
eclaration (package:dev
_compiler/src/kernel/co
mpiler_new.dart:1452)
[        ] #99     Libr
aryCompiler._emitClass 
(package:dev_compiler/s
rc/kernel/compiler_new.
dart:1390)
[        ] #100    
List.forEach (dart:core
-patch/growable_array.d
art:425)
[        ] #101    Libr
aryCompiler._emitLibrar
y (package:dev_compiler
/src/kernel/compiler_ne
w.dart:1312)
[        ] #102    Libr
aryCompiler.emitLibrary
 (package:dev_compiler/
src/kernel/compiler_new
.dart:926)
[        ] #103    Libr
aryBundleCompiler.emitM
odule (package:dev_comp
iler/src/kernel/compile
r_new.dart:163)
[        ] #104    Incr
ementalJavaScriptBundle
r.compile (package:fron
tend_server/src/javascr
ipt_bundle.dart:300)
[        ] #105    Fron
tendCompiler.writeJavaS
criptBundle (package:fr
ontend_server/frontend_
server.dart:898)
[        ] 
<asynchronous 
suspension>
[        ] #106    Fron
tendCompiler.compile (p
ackage:frontend_server/
frontend_server.dart:70
8)
[        ] 
<asynchronous 
suspension>
[        ] #107    list
enAndCompile.<anonymous
 closure> (package:fron
tend_server/frontend_se
rver.dart:1423)
[        ] 
<asynchronous 
suspension>
[  +86 ms] "flutter run" took 20,618ms.
[  +71 ms] The Dart 
compiler exited 
unexpectedly.
[        ] 
           #0      
throwToolExit (package:
flutter_tools/src/base/
common.dart:34:3)
           #1      Defa
ultResidentCompiler._co
mpile.<anonymous 
closure> (package:flutt
er_tools/src/compile.da
rt:897:15)
           #2      
_rootRun (dart:async/zo
ne.dart:1517:47)
           #3      
_CustomZone.run (dart:a
sync/zone.dart:1422:19)
           #4      
_CustomZone.runGuarded 
(dart:async/zone.dart:1
321:7)
           #5      _Buf
feringStreamSubscriptio
n._sendDone.sendDone (d
art:async/stream_impl.d
art:434:13)
           #6      _Buf
feringStreamSubscriptio
n._sendDone (dart:async
/stream_impl.dart:444:7
)
           #7      _Buf
feringStreamSubscriptio
n._close (dart:async/st
ream_impl.dart:333:7)
           #8      _Sin
kTransformerStreamSubsc
ription._close (dart:as
ync/stream_transformers
.dart:91:11)
           #9      _Eve
ntSinkWrapper.close (da
rt:async/stream_transfo
rmers.dart:21:11)
           #10     _Str
ingAdapterSink.close (d
art:convert/string_conv
ersion.dart:241:11)
           #11     _Lin
eSplitterSink.close (da
rt:convert/line_splitte
r.dart:144:11)
           #12     _Sin
kTransformerStreamSubsc
ription._handleDone (da
rt:async/stream_transfo
rmers.dart:136:24)
           #13     
_rootRun (dart:async/zo
ne.dart:1517:47)
           #14     
_CustomZone.run (dart:a
sync/zone.dart:1422:19)
           #15     
_CustomZone.runGuarded 
(dart:async/zone.dart:1
321:7)
           #16     _Buf
feringStreamSubscriptio
n._sendDone.sendDone (d
art:async/stream_impl.d
art:434:13)
           #17     _Buf
feringStreamSubscriptio
n._sendDone (dart:async
/stream_impl.dart:444:7
)
           #18     _Buf
feringStreamSubscriptio
n._close (dart:async/st
ream_impl.dart:333:7)
           #19     _Sin
kTransformerStreamSubsc
ription._close (dart:as
ync/stream_transformers
.dart:91:11)
           #20     _Eve
ntSinkWrapper.close (da
rt:async/stream_transfo
rmers.dart:21:11)
           #21     _Str
ingAdapterSink.close (d
art:convert/string_conv
ersion.dart:241:11)
           #22     _Utf
8ConversionSink.close (
dart:convert/string_con
version.dart:301:20)
           #23     _Con
verterStreamEventSink.c
lose (dart:convert/chun
ked_conversion.dart:79:
18)
           #24     _Sin
kTransformerStreamSubsc
ription._handleDone (da
rt:async/stream_transfo
rmers.dart:136:24)
           #25     
_rootRun (dart:async/zo
ne.dart:1517:47)
           #26     
_CustomZone.run (dart:a
sync/zone.dart:1422:19)
           #27     
_CustomZone.runGuarded 
(dart:async/zone.dart:1
321:7)
           #28     _Buf
feringStreamSubscriptio
n._sendDone.sendDone (d
art:async/stream_impl.d
art:434:13)
           #29     _Buf
feringStreamSubscriptio
n._sendDone (dart:async
/stream_impl.dart:444:7
)
           #30     _Buf
feringStreamSubscriptio
n._close (dart:async/st
ream_impl.dart:333:7)
           #31     _Syn
cStreamControllerDispat
ch._sendDone (dart:asyn
c/stream_controller.dar
t:806:19)
           #32     _Str
eamController._closeUnc
hecked (dart:async/stre
am_controller.dart:652:
7)
           #33     _Str
eamController.close (da
rt:async/stream_control
ler.dart:645:5)
           #34     
_Socket._onData (dart:i
o-patch/socket_patch.da
rt:2919:21)
           #35     
_rootRunUnary (dart:asy
nc/zone.dart:1546:13)
           #36     
_CustomZone.runUnary (d
art:async/zone.dart:142
9:19)
           #37     _Cus
tomZone.runUnaryGuarded
 (dart:async/zone.dart:
1329:7)
           #38     _Buf
feringStreamSubscriptio
n._sendData (dart:async
/stream_impl.dart:381:1
1)
           #39     _Buf
feringStreamSubscriptio
n._add (dart:async/stre
am_impl.dart:312:7)
           #40     _Syn
cStreamControllerDispat
ch._sendData (dart:asyn
c/stream_controller.dar
t:798:19)
           #41     
_StreamController._add 
(dart:async/stream_cont
roller.dart:663:7)
           #42     
_StreamController.add (
dart:async/stream_contr
oller.dart:618:5)
           #43     new 
_RawSocket.<anonymous 
closure> (dart:io-patch
/socket_patch.dart:2338
:33)
           #44     _Nat
iveSocket.issueReadEven
t.issue (dart:io-patch/
socket_patch.dart:1648:
18)
           #45     
_microtaskLoop (dart:as
ync/schedule_microtask.
dart:40:35)
           #46     
_startMicrotaskLoop (da
rt:async/schedule_micro
task.dart:49:5)
           #47     _run
PendingImmediateCallbac
k (dart:isolate-patch/i
solate_patch.dart:127:1
3)
           #48     _Raw
ReceivePort._handleMess
age (dart:isolate-patch
/isolate_patch.dart:194
:5)


[        ] Running 3 shutdown hooks
[   +3 ms] Waiting for connection from debug service on Chrome... (completed in 18.9s)
[        ] Synced 0.0MB.
[        ] Failed to 
compile application.
[        ] Shutdown hooks complete
[ +241 ms] exiting with code 1
